// Vitest Snapshot v1

exports[`BackTop.vue > render 1`] = `
"<div class=\\"target\\" style=\\"height: 100px; overflow: auto;\\">
  <div style=\\"height: 10000px; width: 100%;\\">
    <transition-stub>
      <div class=\\"vlib-back-top\\" style=\\"right: 100px; bottom: 200px;\\"><button type=\\"button\\" class=\\"van-button van-button--primary van-button--normal van-button--round\\" disabled=\\"false\\" vlib-back-top=\\"\\">
          <div class=\\"van-button__content\\"><i class=\\"van-badge__wrapper van-icon van-icon-back-top van-button__icon\\">
              <!---->
              <!---->
              <!---->
            </i>
            <!---->
            <!---->
          </div>
        </button></div>
    </transition-stub>
  </div>
</div>"
`;
